################################################################################
#                                                                              #
#      IAR Universal Linker V6.6.2.104                                         #
#                                                                              #
#           Link time     =  10/May/2023  13:27:04                             #
#           Target CPU    =  MSP430                                            #
#           List file     =  E:\Msp430\Projects\PressureSensorBMP180\Debug\Lis #
#                            t\AirPressureSensorBMP180.map                     #
#           Output file 1 =  E:\Msp430\Projects\PressureSensorBMP180\Debug\Exe #
#                            \AirPressureSensorBMP180.hex                      #
#                            Format: intel-standard                            #
#           Output file 2 =  E:\Msp430\Projects\PressureSensorBMP180\Debug\Exe #
#                            \AirPressureSensorBMP180.d43                      #
#                            Format: ubrof10                                   #
#                            UBROF version 10.0.6                              #
#                            Using library modules for C-SPY (-rt)             #
#           Command line  =  -f C:\Users\Admin\AppData\Local\Temp\EWBAF0.tmp   #
#                            (E:\Msp430\Projects\PressureSensorBMP180\Debug\Ob #
#                            j\BMP180.r43                                      #
#                            E:\Msp430\Projects\PressureSensorBMP180\Debug\Obj #
#                            \delayMs.r43                                      #
#                            E:\Msp430\Projects\PressureSensorBMP180\Debug\Obj #
#                            \I2C_Master.r43                                   #
#                            E:\Msp430\Projects\PressureSensorBMP180\Debug\Obj #
#                            \main.r43                                         #
#                            -o                                                #
#                            E:\Msp430\Projects\PressureSensorBMP180\Debug\Exe #
#                            \AirPressureSensorBMP180.d43                      #
#                            -l                                                #
#                            E:\Msp430\Projects\PressureSensorBMP180\Debug\Lis #
#                            t\AirPressureSensorBMP180.map                     #
#                            -xms                                              #
#                            "-IC:\Program Files (x86)\IAR Systems\Embedded Wo #
#                            rkbench 8.5\430\LIB\\"                            #
#                            -f                                                #
#                            "C:\Program Files (x86)\IAR Systems\Embedded Work #
#                            bench 8.5\430\config\linker\lnk430g2553.xcl"      #
#                            (-cmsp430 -QCODE_I=CODE_ID -QTLS16_I=TLS16_ID     #
#                            -Z(CONST)INFO=1000-10FF                           #
#                            -Z(CONST)INFOA=10C0-10FF                          #
#                            -Z(CONST)INFOB=1080-10BF                          #
#                            -Z(CONST)INFOC=1040-107F                          #
#                            -Z(CONST)INFOD=1000-103F                          #
#                            -Z(DATA)DATA16_I,DATA16_Z,DATA16_N,TLS16_I=0200-0 #
#                            3FF                                               #
#                            -Z(DATA)DATA16_HEAP+_DATA16_HEAP_SIZE             #
#                            -Z(DATA)CODE_I -Z(DATA)CSTACK+_STACK_SIZE#        #
#                            -Z(CONST)DATA16_C,DATA16_ID,TLS16_ID,DIFUNCT,CHEC #
#                            KSUM=C000-FFDD                                    #
#                            -Z(CODE)CSTART,ISR_CODE,CODE_ID=C000-FFDD         #
#                            -P(CODE)CODE=C000-FFDD                            #
#                            -Z(CONST)SIGNATURE=FFDE-FFDF                      #
#                            -Z(CODE)INTVEC=FFE0-FFFF                          #
#                            -Z(CODE)RESET=FFFE-FFFF) -D_STACK_SIZE=50 -rt     #
#                            "C:\Program Files (x86)\IAR Systems\Embedded Work #
#                            bench 8.5\430\lib\dlib\dl430fn.r43"               #
#                            -e_PrintfLarge=_Printf -e_ScanfLarge=_Scanf       #
#                            -D_DATA16_HEAP_SIZE=50                            #
#                            -Ointel-standard=E:\Msp430\Projects\PressureSenso #
#                            rBMP180\Debug\Exe\AirPressureSensorBMP180.hex     #
#                            -s __program_start -D_DATA20_HEAP_SIZE=50)        #
#                                                                              #
#                           Copyright (C) 1987-2019 IAR Systems AB.            #
################################################################################





                ****************************************
                *                                      *
                *           CROSS REFERENCE            *
                *                                      *
                ****************************************

       Program entry at :           C004  Relocatable, from module : ?cstart




                ****************************************
                *                                      *
                *            RUNTIME MODEL             *
                *                                      *
                ****************************************

  __Heap_Handler             = Basic
  __SystemLibrary            = DLib
  __core                     = 430
  __dlib_file_descriptor     = 0
  __dlib_full_locale_support = 0
  __double_size              = 32
  __pic                      = no
  __reg_r4                   = free
  __reg_r5                   = free
  __rt_version               = 3

                ****************************************
                *                                      *
                *    AUTOMATIC SYMBOL REDIRECTIONS     *
                *                                      *
                ****************************************

                  There are no automatic symbol redirections.



                ****************************************
                *                                      *
                *              MODULE MAP              *
                *                                      *
                ****************************************


  DEFINED ABSOLUTE ENTRIES
    *************************************************************************

  DEFINED ABSOLUTE ENTRIES
  PROGRAM MODULE, NAME : ?ABS_ENTRY_MOD

Absolute parts
           ENTRY                   ADDRESS         REF BY
           =====                   =======         ======
           _DATA20_HEAP_SIZE       0050 
           _DATA16_HEAP_SIZE       0050 
           _STACK_SIZE             0050 
    *************************************************************************

  FILE NAME : E:\Msp430\Projects\PressureSensorBMP180\Debug\Obj\BMP180.r43
  PROGRAM MODULE, NAME : BMP180

  SEGMENTS IN THE MODULE
  ======================
<CODE> 1 (was CODE)
  Relative segment, address: C222 - C26D (0x4c bytes), align: 1
  Segment part 4.             Intra module refs:   BMP180_GetTemperature
           ENTRY                   ADDRESS         REF BY
           =====                   =======         ======
           BMP180_ReadRawTemperature
                                   C222 
               calls direct
    -------------------------------------------------------------------------
<CODE> 1 (was CODE)
  Relative segment, address: C15C - C1CD (0x72 bytes), align: 1
  Segment part 5.             Intra module refs:   BMP180_GetPressure
           ENTRY                   ADDRESS         REF BY
           =====                   =======         ======
           BMP180_ReadRawPressure
                                   C15C 
               calls direct
    -------------------------------------------------------------------------
<CODE> 1 (was CODE)
  Relative segment, address: C1CE - C221 (0x54 bytes), align: 1
  Segment part 6.             Intra module refs:   BMP180_GetPressure
           ENTRY                   ADDRESS         REF BY
           =====                   =======         ======
           BMP180_GetTemperature   C1CE            main (main)
               calls direct
    -------------------------------------------------------------------------
<CODE> 1 (was CODE)
  Relative segment, address: C01C - C15B (0x140 bytes), align: 1
  Segment part 7.
           ENTRY                   ADDRESS         REF BY
           =====                   =======         ======
           BMP180_GetPressure      C01C            main (main)
               calls direct
    -------------------------------------------------------------------------
DATA16_C
  Relative segment, address: C000 - C001 (0x2 bytes), align: 0
  Segment part 2.             Intra module refs:   BMP180_ReadRawTemperature
    -------------------------------------------------------------------------
DATA16_C
  Relative segment, address: C002 - C003 (0x2 bytes), align: 0
  Segment part 3.             Intra module refs:   BMP180_ReadRawPressure

    *************************************************************************

  FILE NAME : E:\Msp430\Projects\PressureSensorBMP180\Debug\Obj\delayMs.r43
  PROGRAM MODULE, NAME : delayMs

  SEGMENTS IN THE MODULE
  ======================
<CODE> 1 (was CODE)
  Relative segment, address: C41E - C431 (0x14 bytes), align: 1
  Segment part 2.
           ENTRY                   ADDRESS         REF BY
           =====                   =======         ======
           delayMs                 C41E            BMP180_ReadRawPressure (BMP180)
                                                   BMP180_ReadRawTemperature (BMP180)
                                                   main (main)

    *************************************************************************

  FILE NAME : E:\Msp430\Projects\PressureSensorBMP180\Debug\Obj\I2C_Master.r43
  PROGRAM MODULE, NAME : I2C_Master

  SEGMENTS IN THE MODULE
  ======================
DATA16_AN
  Relative segment, address: 0001 - 0001 (0x1 bytes), align: 0
  Segment part 1. ROOT        Intra module refs:   I2C_MasterModeInit
           ENTRY                   ADDRESS         REF BY
           =====                   =======         ======
           IE2                     0001 
    -------------------------------------------------------------------------
DATA16_AN
  Relative segment, address: 0003 - 0003 (0x1 bytes), align: 0
  Segment part 2. ROOT        Intra module refs:   I2C_MasterReceiveData
                                                   I2C_MasterTransmitData
           ENTRY                   ADDRESS         REF BY
           =====                   =======         ======
           IFG2                    0003 
    -------------------------------------------------------------------------
DATA16_AN
  Relative segment, address: 0068 - 0068 (0x1 bytes), align: 0
  Segment part 3. ROOT        Intra module refs:   I2C_MasterModeInit
                                                   I2C_MasterStoreSlaveAddress
           ENTRY                   ADDRESS         REF BY
           =====                   =======         ======
           UCB0CTL0                0068 
    -------------------------------------------------------------------------
DATA16_AN
  Relative segment, address: 0069 - 0069 (0x1 bytes), align: 0
  Segment part 4. ROOT        Intra module refs:   I2C_MasterModeInit
                                                   I2C_MasterReceiveData
                                                   I2C_MasterTransmitData
           ENTRY                   ADDRESS         REF BY
           =====                   =======         ======
           UCB0CTL1                0069 
    -------------------------------------------------------------------------
DATA16_AN
  Relative segment, address: 006A - 006A (0x1 bytes), align: 0
  Segment part 5. ROOT        Intra module refs:   I2C_MasterModeInit
           ENTRY                   ADDRESS         REF BY
           =====                   =======         ======
           UCB0BR0                 006A 
    -------------------------------------------------------------------------
DATA16_AN
  Relative segment, address: 006B - 006B (0x1 bytes), align: 0
  Segment part 6. ROOT        Intra module refs:   I2C_MasterModeInit
           ENTRY                   ADDRESS         REF BY
           =====                   =======         ======
           UCB0BR1                 006B 
    -------------------------------------------------------------------------
DATA16_AN
  Relative segment, address: 006D - 006D (0x1 bytes), align: 0
  Segment part 7. ROOT        Intra module refs:   I2C_MasterReceiveData
                                                   I2C_MasterTransmitData
           ENTRY                   ADDRESS         REF BY
           =====                   =======         ======
           UCB0STAT                006D 
    -------------------------------------------------------------------------
DATA16_AN
  Relative segment, address: 006E - 006E (0x1 bytes), align: 0
  Segment part 8. ROOT        Intra module refs:   I2C_MasterReceiveData
           ENTRY                   ADDRESS         REF BY
           =====                   =======         ======
           UCB0RXBUF               006E 
    -------------------------------------------------------------------------
DATA16_AN
  Relative segment, address: 006F - 006F (0x1 bytes), align: 0
  Segment part 9. ROOT        Intra module refs:   I2C_MasterTransmitData
           ENTRY                   ADDRESS         REF BY
           =====                   =======         ======
           UCB0TXBUF               006F 
    -------------------------------------------------------------------------
DATA16_AN
  Relative segment, address: 011A - 011B (0x2 bytes), align: 0
  Segment part 10. ROOT       Intra module refs:   I2C_MasterStoreSlaveAddress
           ENTRY                   ADDRESS         REF BY
           =====                   =======         ======
           UCB0I2CSA               011A 
    -------------------------------------------------------------------------
<CODE> 1 (was CODE)
  Relative segment, address: C38A - C3AF (0x26 bytes), align: 1
  Segment part 12.
           ENTRY                   ADDRESS         REF BY
           =====                   =======         ======
           I2C_MasterModeInit      C38A            main (main)
    -------------------------------------------------------------------------
<CODE> 1 (was CODE)
  Relative segment, address: C40A - C41D (0x14 bytes), align: 1
  Segment part 13.
           ENTRY                   ADDRESS         REF BY
           =====                   =======         ======
           I2C_MasterStoreSlaveAddress
                                   C40A            main (main)
    -------------------------------------------------------------------------
<CODE> 1 (was CODE)
  Relative segment, address: C2B2 - C2F1 (0x40 bytes), align: 1
  Segment part 14.
           ENTRY                   ADDRESS         REF BY
           =====                   =======         ======
           I2C_MasterTransmitData
                                   C2B2            BMP180_ReadRawPressure (BMP180)
                                                   BMP180_ReadRawTemperature (BMP180)
    -------------------------------------------------------------------------
<CODE> 1 (was CODE)
  Relative segment, address: C2F2 - C32B (0x3a bytes), align: 1
  Segment part 15.
           ENTRY                   ADDRESS         REF BY
           =====                   =======         ======
           I2C_MasterReceiveData   C2F2            BMP180_ReadRawPressure (BMP180)
                                                   BMP180_ReadRawTemperature (BMP180)

    *************************************************************************

  FILE NAME : E:\Msp430\Projects\PressureSensorBMP180\Debug\Obj\main.r43
  PROGRAM MODULE, NAME : main

  SEGMENTS IN THE MODULE
  ======================
DATA16_AN
  Relative segment, address: 0056 - 0056 (0x1 bytes), align: 0
  Segment part 1. ROOT        Intra module refs:   SystemClockConfig
           ENTRY                   ADDRESS         REF BY
           =====                   =======         ======
           DCOCTL                  0056 
    -------------------------------------------------------------------------
DATA16_AN
  Relative segment, address: 0057 - 0057 (0x1 bytes), align: 0
  Segment part 2. ROOT        Intra module refs:   SystemClockConfig
           ENTRY                   ADDRESS         REF BY
           =====                   =======         ======
           BCSCTL1                 0057 
    -------------------------------------------------------------------------
DATA16_AN
  Relative segment, address: 0058 - 0058 (0x1 bytes), align: 0
  Segment part 3. ROOT        Intra module refs:   SystemClockConfig
           ENTRY                   ADDRESS         REF BY
           =====                   =======         ======
           BCSCTL2                 0058 
    -------------------------------------------------------------------------
DATA16_AN
  Relative segment, address: 0026 - 0026 (0x1 bytes), align: 0
  Segment part 4. ROOT        Intra module refs:   GPIOInit
           ENTRY                   ADDRESS         REF BY
           =====                   =======         ======
           P1SEL                   0026 
    -------------------------------------------------------------------------
DATA16_AN
  Relative segment, address: 0041 - 0041 (0x1 bytes), align: 0
  Segment part 5. ROOT        Intra module refs:   GPIOInit
           ENTRY                   ADDRESS         REF BY
           =====                   =======         ======
           P1SEL2                  0041 
    -------------------------------------------------------------------------
DATA16_AN
  Relative segment, address: 0029 - 0029 (0x1 bytes), align: 0
  Segment part 6. ROOT        Intra module refs:   main
           ENTRY                   ADDRESS         REF BY
           =====                   =======         ======
           P2OUT                   0029 
    -------------------------------------------------------------------------
DATA16_AN
  Relative segment, address: 002A - 002A (0x1 bytes), align: 0
  Segment part 7. ROOT        Intra module refs:   GPIOInit
           ENTRY                   ADDRESS         REF BY
           =====                   =======         ======
           P2DIR                   002A 
    -------------------------------------------------------------------------
DATA16_AN
  Relative segment, address: 0120 - 0121 (0x2 bytes), align: 0
  Segment part 8. ROOT        Intra module refs:   main
           ENTRY                   ADDRESS         REF BY
           =====                   =======         ======
           WDTCTL                  0120 
    -------------------------------------------------------------------------
DATA16_AN
  Relative segment, address: 10FC - 10FC (0x1 bytes), align: 0
  Segment part 9. ROOT        Intra module refs:   SystemClockConfig
           ENTRY                   ADDRESS         REF BY
           =====                   =======         ======
           CALDCO_8MHZ             10FC 
    -------------------------------------------------------------------------
DATA16_AN
  Relative segment, address: 10FD - 10FD (0x1 bytes), align: 0
  Segment part 10. ROOT       Intra module refs:   SystemClockConfig
           ENTRY                   ADDRESS         REF BY
           =====                   =======         ======
           CALBC1_8MHZ             10FD 
    -------------------------------------------------------------------------
DATA16_Z
  Relative segment, address: 0200 - 0201 (0x2 bytes), align: 1
  Segment part 12.            Intra module refs:   main
           ENTRY                   ADDRESS         REF BY
           =====                   =======         ======
           temperature             0200 
    -------------------------------------------------------------------------
DATA16_Z
  Relative segment, address: 0202 - 0205 (0x4 bytes), align: 1
  Segment part 13.            Intra module refs:   main
           ENTRY                   ADDRESS         REF BY
           =====                   =======         ======
           pressure                0202 
    -------------------------------------------------------------------------
<CODE> 1 (was CODE)
  Relative segment, address: C3F6 - C409 (0x14 bytes), align: 1
  Segment part 14.            Intra module refs:   main
           ENTRY                   ADDRESS         REF BY
           =====                   =======         ======
           SystemClockConfig       C3F6 
    -------------------------------------------------------------------------
<CODE> 1 (was CODE)
  Relative segment, address: C444 - C455 (0x12 bytes), align: 1
  Segment part 15.            Intra module refs:   main
           ENTRY                   ADDRESS         REF BY
           =====                   =======         ======
           GPIOInit                C444 
    -------------------------------------------------------------------------
<CODE> 1 (was CODE)
  Relative segment, address: C26E - C2B1 (0x44 bytes), align: 1
  Segment part 16.
           ENTRY                   ADDRESS         REF BY
           =====                   =======         ======
           main                    C26E            Segment part 19 (?cstart)
               calls direct

    *************************************************************************

  FILE NAME : C:\Program Files (x86)\IAR Systems\Embedded Workbench 8.5\430\lib\dlib\dl430fn.r43
  LIBRARY MODULE, NAME : ?__dbg_break

  SEGMENTS IN THE MODULE
  ======================
<CODE> 1 (was CODE)
  Relative segment, address: C47C - C47D (0x2 bytes), align: 1
  Segment part 2.
           ENTRY                   ADDRESS         REF BY
           =====                   =======         ======
           __DebugBreak            C47C            __exit (?__exit)

    -------------------------------------------------------------------------
  LIBRARY MODULE, NAME : ?__exit

  SEGMENTS IN THE MODULE
  ======================
<CODE> 1 (was CODE)
  Relative segment, address: C432 - C443 (0x12 bytes), align: 1
  Segment part 2.
           ENTRY                   ADDRESS         REF BY
           =====                   =======         ======
           __exit                  C432            Segment part 6 (?_exit)
                                                   _exit (?_exit)
               calls direct

    -------------------------------------------------------------------------
  LIBRARY MODULE, NAME : ?_exit

  SEGMENTS IN THE MODULE
  ======================
<CODE> 1 (was CODE)
  Relative segment, address: C474, align: 1
  Segment part 0.
           ENTRY                   ADDRESS         REF BY
           =====                   =======         ======
           _exit                   C474            exit (?exit)
    -------------------------------------------------------------------------
<CODE> 1 (was CODE)
  Relative segment, address: C474 - C477 (0x4 bytes), align: 1
  Segment part 6.             Intra module refs:   _exit

    -------------------------------------------------------------------------
  LIBRARY MODULE, NAME : ?cstart

  SEGMENTS IN THE MODULE
  ======================
CSTACK
  Relative segment, address: 03B0, align: 1
  Segment part 1.
    -------------------------------------------------------------------------
DATA16_Z
  Relative segment, address: 0206, align: 1
  Segment part 2.
    -------------------------------------------------------------------------
CSTART
  Relative segment, address: C004 - C007 (0x4 bytes), align: 1
  Segment part 9.
           ENTRY                   ADDRESS         REF BY
           =====                   =======         ======
           __program_start         C004            ?reset_vector (?reset_vector)
                                                   Absolute parts (?ABS_ENTRY_MOD)
           ?cstart_begin           C004 
    -------------------------------------------------------------------------
CSTART
  Relative segment, address: C008 - C013 (0xc bytes), align: 1
  Segment part 14.
           ENTRY                   ADDRESS         REF BY
           =====                   =======         ======
           ?cstart_init_zero       C008            pressure (main)
                                                   temperature (main)
    -------------------------------------------------------------------------
CSTART
  Relative segment, address: C014 - C01B (0x8 bytes), align: 1
  Segment part 19.            Intra module refs:   Segment part 9
           ENTRY                   ADDRESS         REF BY
           =====                   =======         ======
           ?cstart_call_main       C014 
           ?cstart_end             C01C 

    -------------------------------------------------------------------------
  LIBRARY MODULE, NAME : ?reset_vector

  SEGMENTS IN THE MODULE
  ======================
RESET
  Relative segment, address: FFFE - FFFF (0x2 bytes), align: 1
  Segment part 0.
           ENTRY                   ADDRESS         REF BY
           =====                   =======         ======
           ?reset_vector           FFFE            Segment part 9 (?cstart)

    -------------------------------------------------------------------------
  LIBRARY MODULE, NAME : ?Epilogue

  SEGMENTS IN THE MODULE
  ======================
<CODE> 1 (was CODE)
  Relative segment, address: C466 - C467 (0x2 bytes), align: 1
  Segment part 2.
           ENTRY                   ADDRESS         REF BY
           =====                   =======         ======
           ?Epilogue6              C466            BMP180_GetPressure (BMP180)
    -------------------------------------------------------------------------
<CODE> 1 (was CODE)
  Relative segment, address: C468 - C469 (0x2 bytes), align: 1
  Segment part 3.             Intra module refs:   ?Epilogue6
           ENTRY                   ADDRESS         REF BY
           =====                   =======         ======
           ?Epilogue5              C468 
    -------------------------------------------------------------------------
<CODE> 1 (was CODE)
  Relative segment, address: C46A - C46B (0x2 bytes), align: 1
  Segment part 4.             Intra module refs:   ?Epilogue5
           ENTRY                   ADDRESS         REF BY
           =====                   =======         ======
           ?Epilogue4              C46A 
    -------------------------------------------------------------------------
<CODE> 1 (was CODE)
  Relative segment, address: C46C - C473 (0x8 bytes), align: 1
  Segment part 5.             Intra module refs:   ?Epilogue4
           ENTRY                   ADDRESS         REF BY
           =====                   =======         ======
           ?Epilogue3              C46C 

    -------------------------------------------------------------------------
  LIBRARY MODULE, NAME : ?exit

  SEGMENTS IN THE MODULE
  ======================
<CODE> 1 (was CODE)
  Relative segment, address: C478 - C47B (0x4 bytes), align: 1
  Segment part 2.
           ENTRY                   ADDRESS         REF BY
           =====                   =======         ======
           exit                    C478            Segment part 19 (?cstart)
               calls direct

    -------------------------------------------------------------------------
  LIBRARY MODULE, NAME : ?Mul816

  SEGMENTS IN THE MODULE
  ======================
<CODE> 1 (was CODE)
  Relative segment, address: C35C - C389 (0x2e bytes), align: 1
  Segment part 1.
           ENTRY                   ADDRESS         REF BY
           =====                   =======         ======
           ?Mul16                  C35C            BMP180_GetPressure (BMP180)
                                                   BMP180_GetTemperature (BMP180)
           ?Mul16to32u             C35C 

    -------------------------------------------------------------------------
  LIBRARY MODULE, NAME : ?DivMod816u

  SEGMENTS IN THE MODULE
  ======================
<CODE> 1 (was CODE)
  Relative segment, address: C3C8 - C3DF (0x18 bytes), align: 1
  Segment part 1.
           ENTRY                   ADDRESS         REF BY
           =====                   =======         ======
           ?DivMod16u              C3C8            ?DivMod16s (?DivMod816s)

    -------------------------------------------------------------------------
  LIBRARY MODULE, NAME : ?DivMod816s

  SEGMENTS IN THE MODULE
  ======================
<CODE> 1 (was CODE)
  Relative segment, address: C32C - C35B (0x30 bytes), align: 1
  Segment part 1.
           ENTRY                   ADDRESS         REF BY
           =====                   =======         ======
           ?DivMod16s              C32C            BMP180_GetPressure (BMP180)

    -------------------------------------------------------------------------
  LIBRARY MODULE, NAME : ?ShiftRight32s_n

  SEGMENTS IN THE MODULE
  ======================
<CODE> 1 (was CODE)
  Relative segment, address: C3E0 - C3E3 (0x4 bytes), align: 1
  Segment part 2.
           ENTRY                   ADDRESS         REF BY
           =====                   =======         ======
           ?ShiftRight32s_5        C3E0            BMP180_ReadRawPressure (BMP180)
    -------------------------------------------------------------------------
<CODE> 1 (was CODE)
  Relative segment, address: C3E4 - C3E7 (0x4 bytes), align: 1
  Segment part 3.             Intra module refs:   ?ShiftRight32s_5
           ENTRY                   ADDRESS         REF BY
           =====                   =======         ======
           ?ShiftRight32s_4        C3E4 
    -------------------------------------------------------------------------
<CODE> 1 (was CODE)
  Relative segment, address: C3E8 - C3EB (0x4 bytes), align: 1
  Segment part 4.             Intra module refs:   ?ShiftRight32s_4
           ENTRY                   ADDRESS         REF BY
           =====                   =======         ======
           ?ShiftRight32s_3        C3E8 
    -------------------------------------------------------------------------
<CODE> 1 (was CODE)
  Relative segment, address: C3EC - C3F5 (0xa bytes), align: 1
  Segment part 5.             Intra module refs:   ?ShiftRight32s_3
           ENTRY                   ADDRESS         REF BY
           =====                   =======         ======
           ?ShiftRight32s_2        C3EC 

    -------------------------------------------------------------------------
  LIBRARY MODULE, NAME : ?ShiftRight32s_8n

  SEGMENTS IN THE MODULE
  ======================
<CODE> 1 (was CODE)
  Relative segment, address: C3B0 - C3B3 (0x4 bytes), align: 1
  Segment part 3.
           ENTRY                   ADDRESS         REF BY
           =====                   =======         ======
           ?ShiftRight32s_11       C3B0            BMP180_GetPressure (BMP180)
    -------------------------------------------------------------------------
<CODE> 1 (was CODE)
  Relative segment, address: C3B4 - C3B7 (0x4 bytes), align: 1
  Segment part 4.             Intra module refs:   ?ShiftRight32s_11
           ENTRY                   ADDRESS         REF BY
           =====                   =======         ======
           ?ShiftRight32s_10       C3B4 
    -------------------------------------------------------------------------
<CODE> 1 (was CODE)
  Relative segment, address: C3B8 - C3BB (0x4 bytes), align: 1
  Segment part 5.             Intra module refs:   ?ShiftRight32s_10
           ENTRY                   ADDRESS         REF BY
           =====                   =======         ======
           ?ShiftRight32s_9        C3B8 
    -------------------------------------------------------------------------
<CODE> 1 (was CODE)
  Relative segment, address: C3BC - C3C7 (0xc bytes), align: 1
  Segment part 6.             Intra module refs:   ?ShiftRight32s_9
           ENTRY                   ADDRESS         REF BY
           =====                   =======         ======
           ?ShiftRight32s_8        C3BC 

    -------------------------------------------------------------------------
  LIBRARY MODULE, NAME : ?memzero

  SEGMENTS IN THE MODULE
  ======================
<CODE> 1 (was CODE)
  Relative segment, address: C456 - C465 (0x10 bytes), align: 1
  Segment part 2.
           ENTRY                   ADDRESS         REF BY
           =====                   =======         ======
           __data16_memzero        C456            ?cstart_init_zero (?cstart)




                ****************************************
                *                                      *
                *      SEGMENTS IN ADDRESS ORDER       *
                *                                      *
                ****************************************


SEGMENT              SPACE    START ADDRESS   END ADDRESS     SIZE  TYPE  ALIGN
=======              =====    =============   ===========     ====  ====  =====
DATA16_AN                              0001 - 0001               1   rel    0
                                       0003 - 0003               1 
                                       0026 - 0026               1 
                                       0029 - 002A               2 
                                       0041 - 0041               1 
                                       0056 - 0058               3 
                                       0068 - 006B               4 
                                       006D - 006F               3 
                                       011A - 011B               2 
                                       0120 - 0121               2 
DATA16_I                                  0200                       dse    0
DATA16_Z                               0200 - 0205               6   rel    1
CSTACK                                 03B0 - 03FF              50   rel    1
DATA16_AN                              10FC - 10FD               2   rel    0
DATA16_C                               C000 - C003               4   rel    0
CSTART                                 C004 - C01B              18   rel    1
<CODE> 1                               C01C - C47D             462   rel    1
RESET                                  FFFE - FFFF               2   rel    1

                ****************************************
                *                                      *
                *        END OF CROSS REFERENCE        *
                *                                      *
                ****************************************

 1 148 bytes of CODE  memory
    86 bytes of DATA  memory (+ 22 absolute )
     4 bytes of CONST memory

Errors: none
Warnings: none

