################################################################################
#                                                                              #
#      IAR Universal Linker V6.6.2.104                                         #
#                                                                              #
#           Link time     =  10/Apr/2023  14:42:08                             #
#           Target CPU    =  MSP430                                            #
#           List file     =  E:\Msp430\Projects\ControlStepMotor\Debug\List\Co #
#                            ntrolStepMotor.map                                #
#           Output file 1 =  E:\Msp430\Projects\ControlStepMotor\Debug\Exe\Con #
#                            trolStepMotor.hex                                 #
#                            Format: intel-standard                            #
#           Output file 2 =  E:\Msp430\Projects\ControlStepMotor\Debug\Exe\Con #
#                            trolStepMotor.d43                                 #
#                            Format: ubrof10                                   #
#                            UBROF version 10.0.6                              #
#                            Using library modules for C-SPY (-rt)             #
#           Command line  =  -f C:\Users\Admin\AppData\Local\Temp\EWCBA4.tmp   #
#                            (E:\Msp430\Projects\ControlStepMotor\Debug\Obj\bu #
#                            ttons.r43                                         #
#                            E:\Msp430\Projects\ControlStepMotor\Debug\Obj\del #
#                            ayMs.r43                                          #
#                            E:\Msp430\Projects\ControlStepMotor\Debug\Obj\LED #
#                            _7_Mpx2.r43                                       #
#                            E:\Msp430\Projects\ControlStepMotor\Debug\Obj\mai #
#                            n.r43                                             #
#                            E:\Msp430\Projects\ControlStepMotor\Debug\Obj\ste #
#                            pperMotor.r43                                     #
#                            -o                                                #
#                            E:\Msp430\Projects\ControlStepMotor\Debug\Exe\Con #
#                            trolStepMotor.d43                                 #
#                            -l                                                #
#                            E:\Msp430\Projects\ControlStepMotor\Debug\List\Co #
#                            ntrolStepMotor.map                                #
#                            -xms                                              #
#                            "-IC:\Program Files (x86)\IAR Systems\Embedded Wo #
#                            rkbench 8.5\430\LIB\\"                            #
#                            -f                                                #
#                            "C:\Program Files (x86)\IAR Systems\Embedded Work #
#                            bench 8.5\430\config\linker\lnk430g2553.xcl"      #
#                            (-cmsp430 -QCODE_I=CODE_ID -QTLS16_I=TLS16_ID     #
#                            -Z(CONST)INFO=1000-10FF                           #
#                            -Z(CONST)INFOA=10C0-10FF                          #
#                            -Z(CONST)INFOB=1080-10BF                          #
#                            -Z(CONST)INFOC=1040-107F                          #
#                            -Z(CONST)INFOD=1000-103F                          #
#                            -Z(DATA)DATA16_I,DATA16_Z,DATA16_N,TLS16_I=0200-0 #
#                            3FF                                               #
#                            -Z(DATA)DATA16_HEAP+_DATA16_HEAP_SIZE             #
#                            -Z(DATA)CODE_I -Z(DATA)CSTACK+_STACK_SIZE#        #
#                            -Z(CONST)DATA16_C,DATA16_ID,TLS16_ID,DIFUNCT,CHEC #
#                            KSUM=C000-FFDD                                    #
#                            -Z(CODE)CSTART,ISR_CODE,CODE_ID=C000-FFDD         #
#                            -P(CODE)CODE=C000-FFDD                            #
#                            -Z(CONST)SIGNATURE=FFDE-FFDF                      #
#                            -Z(CODE)INTVEC=FFE0-FFFF                          #
#                            -Z(CODE)RESET=FFFE-FFFF) -D_STACK_SIZE=50 -rt     #
#                            "C:\Program Files (x86)\IAR Systems\Embedded Work #
#                            bench 8.5\430\lib\dlib\dl430fn.r43"               #
#                            -e_PrintfLarge=_Printf -e_ScanfLarge=_Scanf       #
#                            -D_DATA16_HEAP_SIZE=50                            #
#                            -Ointel-standard=E:\Msp430\Projects\ControlStepMo #
#                            tor\Debug\Exe\ControlStepMotor.hex                #
#                            -s __program_start -D_DATA20_HEAP_SIZE=50)        #
#                                                                              #
#                           Copyright (C) 1987-2019 IAR Systems AB.            #
################################################################################





                ****************************************
                *                                      *
                *           CROSS REFERENCE            *
                *                                      *
                ****************************************

       Program entry at :           C056  Relocatable, from module : ?cstart




                ****************************************
                *                                      *
                *            RUNTIME MODEL             *
                *                                      *
                ****************************************

  __Heap_Handler             = Basic
  __SystemLibrary            = DLib
  __core                     = 430
  __dlib_file_descriptor     = 0
  __dlib_full_locale_support = 0
  __double_size              = 32
  __pic                      = no
  __reg_r4                   = free
  __reg_r5                   = free
  __rt_version               = 3

                ****************************************
                *                                      *
                *    AUTOMATIC SYMBOL REDIRECTIONS     *
                *                                      *
                ****************************************

                  There are no automatic symbol redirections.



                ****************************************
                *                                      *
                *              MODULE MAP              *
                *                                      *
                ****************************************


  DEFINED ABSOLUTE ENTRIES
    *************************************************************************

  DEFINED ABSOLUTE ENTRIES
  PROGRAM MODULE, NAME : ?ABS_ENTRY_MOD

Absolute parts
           ENTRY                   ADDRESS         REF BY
           =====                   =======         ======
           _DATA20_HEAP_SIZE       0050 
           _DATA16_HEAP_SIZE       0050 
           _STACK_SIZE             0050 
    *************************************************************************

  FILE NAME : E:\Msp430\Projects\ControlStepMotor\Debug\Obj\buttons.r43
  PROGRAM MODULE, NAME : buttons

  SEGMENTS IN THE MODULE
  ======================
DATA16_AN
  Relative segment, address: 0056 - 0056 (0x1 bytes), align: 0
  Segment part 1. ROOT        Intra module refs:   SystemClockInit
           ENTRY                   ADDRESS         REF BY
           =====                   =======         ======
           _A_DCOCTL               0056 
           LOCAL                   ADDRESS         
           =====                   =======         
           DCOCTL                  0056 
           DCOCTL_bit              0056 
    -------------------------------------------------------------------------
DATA16_AN
  Relative segment, address: 0057 - 0057 (0x1 bytes), align: 0
  Segment part 2. ROOT        Intra module refs:   SystemClockInit
           ENTRY                   ADDRESS         REF BY
           =====                   =======         ======
           _A_BCSCTL1              0057 
           LOCAL                   ADDRESS         
           =====                   =======         
           BCSCTL1                 0057 
           BCSCTL1_bit             0057 
    -------------------------------------------------------------------------
DATA16_AN
  Relative segment, address: 0058 - 0058 (0x1 bytes), align: 0
  Segment part 3. ROOT        Intra module refs:   SystemClockInit
           ENTRY                   ADDRESS         REF BY
           =====                   =======         ======
           _A_BCSCTL2              0058 
           LOCAL                   ADDRESS         
           =====                   =======         
           BCSCTL2                 0058 
           BCSCTL2_bit             0058 
    -------------------------------------------------------------------------
DATA16_AN
  Relative segment, address: 0020 - 0020 (0x1 bytes), align: 0
  Segment part 4. ROOT        Intra module refs:   readDirectionButton
                                                   readStateButton
           ENTRY                   ADDRESS         REF BY
           =====                   =======         ======
           _A_P1IN                 0020 
           LOCAL                   ADDRESS         
           =====                   =======         
           P1IN                    0020 
           P1IN_bit                0020 
    -------------------------------------------------------------------------
DATA16_AN
  Relative segment, address: 0021 - 0021 (0x1 bytes), align: 0
  Segment part 5. ROOT        Intra module refs:   GPIOInit
                                                   IE74595_Out
                                                   displayLED7Mpx2
           ENTRY                   ADDRESS         REF BY
           =====                   =======         ======
           _A_P1OUT                0021 
           LOCAL                   ADDRESS         
           =====                   =======         
           P1OUT                   0021 
           P1OUT_bit               0021 
    -------------------------------------------------------------------------
DATA16_AN
  Relative segment, address: 0022 - 0022 (0x1 bytes), align: 0
  Segment part 6. ROOT        Intra module refs:   GPIOInit
           ENTRY                   ADDRESS         REF BY
           =====                   =======         ======
           _A_P1DIR                0022 
           LOCAL                   ADDRESS         
           =====                   =======         
           P1DIR                   0022 
           P1DIR_bit               0022 
    -------------------------------------------------------------------------
DATA16_AN
  Relative segment, address: 0027 - 0027 (0x1 bytes), align: 0
  Segment part 7. ROOT        Intra module refs:   GPIOInit
           ENTRY                   ADDRESS         REF BY
           =====                   =======         ======
           _A_P1REN                0027 
           LOCAL                   ADDRESS         
           =====                   =======         
           P1REN                   0027 
           P1REN_bit               0027 
    -------------------------------------------------------------------------
DATA16_AN
  Relative segment, address: 0029 - 0029 (0x1 bytes), align: 0
  Segment part 8. ROOT        Intra module refs:   StepperControlBackward
                                                   StepperControlForward
           ENTRY                   ADDRESS         REF BY
           =====                   =======         ======
           _A_P2OUT                0029 
           LOCAL                   ADDRESS         
           =====                   =======         
           P2OUT                   0029 
           P2OUT_bit               0029 
    -------------------------------------------------------------------------
DATA16_AN
  Relative segment, address: 002A - 002A (0x1 bytes), align: 0
  Segment part 9. ROOT        Intra module refs:   GPIOInit
           ENTRY                   ADDRESS         REF BY
           =====                   =======         ======
           _A_P2DIR                002A 
           LOCAL                   ADDRESS         
           =====                   =======         
           P2DIR                   002A 
           P2DIR_bit               002A 
    -------------------------------------------------------------------------
DATA16_AN
  Relative segment, address: 0120 - 0121 (0x2 bytes), align: 0
  Segment part 10. ROOT       Intra module refs:   main
           ENTRY                   ADDRESS         REF BY
           =====                   =======         ======
           _A_WDTCTL               0120 
           LOCAL                   ADDRESS         
           =====                   =======         
           WDTCTL                  0120 
           WDTCTL_bit              0120 
    -------------------------------------------------------------------------
DATA16_AN
  Relative segment, address: 10FC - 10FC (0x1 bytes), align: 0
  Segment part 11. ROOT       Intra module refs:   SystemClockInit
           ENTRY                   ADDRESS         REF BY
           =====                   =======         ======
           CALDCO_8MHZ             10FC 
    -------------------------------------------------------------------------
DATA16_AN
  Relative segment, address: 10FD - 10FD (0x1 bytes), align: 0
  Segment part 12. ROOT       Intra module refs:   SystemClockInit
           ENTRY                   ADDRESS         REF BY
           =====                   =======         ======
           CALBC1_8MHZ             10FD 
    -------------------------------------------------------------------------
DATA16_I
  Relative segment, address: 0240 - 0240 (0x1 bytes), align: 0
  Segment part 14.            Intra module refs:   ControlStepperMotor
                                                   readStateButton
           ENTRY                   ADDRESS         REF BY
           =====                   =======         ======
           state                   0240 
    -------------------------------------------------------------------------
DATA16_I
  Relative segment, address: 0241 - 0241 (0x1 bytes), align: 0
  Segment part 16.            Intra module refs:   ControlStepperMotor
                                                   readDirectionButton
           ENTRY                   ADDRESS         REF BY
           =====                   =======         ======
           direction               0241 
    -------------------------------------------------------------------------
DATA16_I
  Relative segment, address: 0242 - 0242 (0x1 bytes), align: 0
  Segment part 18.            Intra module refs:   ControlStepperMotor
                                                   readDirectionButton
           ENTRY                   ADDRESS         REF BY
           =====                   =======         ======
           LEDState                0242 
    -------------------------------------------------------------------------
<CODE> 1 (was CODE)
  Relative segment, address: C1E2 - C225 (0x44 bytes), align: 1
  Segment part 27.            Intra module refs:   ControlStepperMotor
           ENTRY                   ADDRESS         REF BY
           =====                   =======         ======
           readStateButton         C1E2 
               calls direct
    -------------------------------------------------------------------------
<CODE> 1 (was CODE)
  Relative segment, address: C194 - C1E1 (0x4e bytes), align: 1
  Segment part 28.            Intra module refs:   ControlStepperMotor
           ENTRY                   ADDRESS         REF BY
           =====                   =======         ======
           readDirectionButton     C194 
               calls direct
    -------------------------------------------------------------------------
<CODE> 1 (was CODE)
  Relative segment, address: C2D8 - C2EB (0x14 bytes), align: 1
  Segment part 26.            Intra module refs:   StepperControlBackward
                                                   StepperControlForward
                                                   displayLED7Mpx2
                                                   readDirectionButton
                                                   readStateButton
           ENTRY                   ADDRESS         REF BY
           =====                   =======         ======
           delayMs                 C2D8 
    -------------------------------------------------------------------------
DATA16_I
  Relative segment, address: 0243 - 0253 (0x11 bytes), align: 0
  Segment part 20.            Intra module refs:   displayLED7Mpx2
           ENTRY                   ADDRESS         REF BY
           =====                   =======         ======
           Code7SegSource          0243 
    -------------------------------------------------------------------------
<CODE> 1 (was CODE)
  Relative segment, address: C292 - C2BD (0x2c bytes), align: 1
  Segment part 29.            Intra module refs:   displayLED7Mpx2
           ENTRY                   ADDRESS         REF BY
           =====                   =======         ======
           IE74595_Out             C292 
    -------------------------------------------------------------------------
<CODE> 1 (was CODE)
  Relative segment, address: C226 - C261 (0x3c bytes), align: 1
  Segment part 30.            Intra module refs:   ControlStepperMotor
           ENTRY                   ADDRESS         REF BY
           =====                   =======         ======
           displayLED7Mpx2         C226 
               calls direct
    -------------------------------------------------------------------------
DATA16_I
  Relative segment, address: 0254 - 0254 (0x1 bytes), align: 0
  Segment part 22.            Intra module refs:   ControlStepperMotor
           ENTRY                   ADDRESS         REF BY
           =====                   =======         ======
           groupNumber             0254 
    -------------------------------------------------------------------------
<CODE> 1 (was CODE)
  Relative segment, address: C2EC - C2FF (0x14 bytes), align: 1
  Segment part 31.            Intra module refs:   main
           ENTRY                   ADDRESS         REF BY
           =====                   =======         ======
           SystemClockInit         C2EC 
    -------------------------------------------------------------------------
<CODE> 1 (was CODE)
  Relative segment, address: C2BE - C2D7 (0x1a bytes), align: 1
  Segment part 32.            Intra module refs:   main
           ENTRY                   ADDRESS         REF BY
           =====                   =======         ======
           GPIOInit                C2BE 
    -------------------------------------------------------------------------
<CODE> 1 (was CODE)
  Relative segment, address: C262 - C291 (0x30 bytes), align: 1
  Segment part 35.            Intra module refs:   main
           ENTRY                   ADDRESS         REF BY
           =====                   =======         ======
           ControlStepperMotor     C262 
               calls direct
    -------------------------------------------------------------------------
<CODE> 1 (was CODE)
  Relative segment, address: C300 - C313 (0x14 bytes), align: 1
  Segment part 36.
           ENTRY                   ADDRESS         REF BY
           =====                   =======         ======
           main                    C300            Segment part 19 (?cstart)
               calls direct
    -------------------------------------------------------------------------
DATA16_I
  Relative segment, address: 0200 - 023F (0x40 bytes), align: 1
  Segment part 24.            Intra module refs:   StepperControlBackward
                                                   StepperControlForward
           ENTRY                   ADDRESS         REF BY
           =====                   =======         ======
           waveStep                0200 
    -------------------------------------------------------------------------
<CODE> 1 (was CODE)
  Relative segment, address: C104 - C193 (0x90 bytes), align: 1
  Segment part 34.            Intra module refs:   ControlStepperMotor
           ENTRY                   ADDRESS         REF BY
           =====                   =======         ======
           StepperControlForward   C104 
               calls direct
    -------------------------------------------------------------------------
<CODE> 1 (was CODE)
  Relative segment, address: C072 - C103 (0x92 bytes), align: 1
  Segment part 33.            Intra module refs:   ControlStepperMotor
           ENTRY                   ADDRESS         REF BY
           =====                   =======         ======
           StepperControlBackward
                                   C072 
               calls direct
    -------------------------------------------------------------------------
DATA16_ID
  Relative segment, address: C040 - C040 (0x1 bytes), align: 0
  Segment part 15.            Intra module refs:   state
    -------------------------------------------------------------------------
DATA16_ID
  Relative segment, address: C041 - C041 (0x1 bytes), align: 0
  Segment part 17.            Intra module refs:   direction
    -------------------------------------------------------------------------
DATA16_ID
  Relative segment, address: C042 - C042 (0x1 bytes), align: 0
  Segment part 19.            Intra module refs:   LEDState
    -------------------------------------------------------------------------
DATA16_ID
  Relative segment, address: C043 - C053 (0x11 bytes), align: 0
  Segment part 21.            Intra module refs:   Code7SegSource
    -------------------------------------------------------------------------
DATA16_ID
  Relative segment, address: C054 - C054 (0x1 bytes), align: 0
  Segment part 23.            Intra module refs:   groupNumber
    -------------------------------------------------------------------------
DATA16_ID
  Relative segment, address: C000 - C03F (0x40 bytes), align: 1
  Segment part 25.            Intra module refs:   waveStep

    *************************************************************************

  FILE NAME : E:\Msp430\Projects\ControlStepMotor\Debug\Obj\delayMs.r43
    *************************************************************************

  FILE NAME : E:\Msp430\Projects\ControlStepMotor\Debug\Obj\LED_7_Mpx2.r43
    *************************************************************************

  FILE NAME : E:\Msp430\Projects\ControlStepMotor\Debug\Obj\main.r43
    *************************************************************************

  FILE NAME : E:\Msp430\Projects\ControlStepMotor\Debug\Obj\stepperMotor.r43
    *************************************************************************

  FILE NAME : C:\Program Files (x86)\IAR Systems\Embedded Workbench 8.5\430\lib\dlib\dl430fn.r43
  LIBRARY MODULE, NAME : ?__dbg_break

  SEGMENTS IN THE MODULE
  ======================
<CODE> 1 (was CODE)
  Relative segment, address: C344 - C345 (0x2 bytes), align: 1
  Segment part 2.
           ENTRY                   ADDRESS         REF BY
           =====                   =======         ======
           __DebugBreak            C344            __exit (?__exit)

    -------------------------------------------------------------------------
  LIBRARY MODULE, NAME : ?__exit

  SEGMENTS IN THE MODULE
  ======================
<CODE> 1 (was CODE)
  Relative segment, address: C314 - C325 (0x12 bytes), align: 1
  Segment part 2.
           ENTRY                   ADDRESS         REF BY
           =====                   =======         ======
           __exit                  C314            Segment part 6 (?_exit)
                                                   _exit (?_exit)
               calls direct

    -------------------------------------------------------------------------
  LIBRARY MODULE, NAME : ?_exit

  SEGMENTS IN THE MODULE
  ======================
<CODE> 1 (was CODE)
  Relative segment, address: C33C, align: 1
  Segment part 0.
           ENTRY                   ADDRESS         REF BY
           =====                   =======         ======
           _exit                   C33C            exit (?exit)
    -------------------------------------------------------------------------
<CODE> 1 (was CODE)
  Relative segment, address: C33C - C33F (0x4 bytes), align: 1
  Segment part 6.             Intra module refs:   _exit

    -------------------------------------------------------------------------
  LIBRARY MODULE, NAME : ?cstart

  SEGMENTS IN THE MODULE
  ======================
CSTACK
  Relative segment, address: 03B0, align: 1
  Segment part 1.
    -------------------------------------------------------------------------
DATA16_I
  Relative segment, address: 0240, align: 1
  Segment part 3.
    -------------------------------------------------------------------------
DATA16_ID
  Relative segment, address: C040, align: 1
  Segment part 4.
    -------------------------------------------------------------------------
CSTART
  Relative segment, address: C056 - C059 (0x4 bytes), align: 1
  Segment part 9.
           ENTRY                   ADDRESS         REF BY
           =====                   =======         ======
           __program_start         C056            ?reset_vector (?reset_vector)
                                                   Absolute parts (?ABS_ENTRY_MOD)
           ?cstart_begin           C056 
    -------------------------------------------------------------------------
CSTART
  Relative segment, address: C05A - C069 (0x10 bytes), align: 1
  Segment part 15.
           ENTRY                   ADDRESS         REF BY
           =====                   =======         ======
           ?cstart_init_copy       C05A            Code7SegSource (buttons)
                                                   LEDState (buttons)
                                                   direction (buttons)
                                                   groupNumber (buttons)
                                                   state (buttons)
                                                   waveStep (buttons)
    -------------------------------------------------------------------------
CSTART
  Relative segment, address: C06A - C071 (0x8 bytes), align: 1
  Segment part 19.            Intra module refs:   Segment part 9
           ENTRY                   ADDRESS         REF BY
           =====                   =======         ======
           ?cstart_call_main       C06A 
           ?cstart_end             C072 

    -------------------------------------------------------------------------
  LIBRARY MODULE, NAME : ?reset_vector

  SEGMENTS IN THE MODULE
  ======================
RESET
  Relative segment, address: FFFE - FFFF (0x2 bytes), align: 1
  Segment part 0.
           ENTRY                   ADDRESS         REF BY
           =====                   =======         ======
           ?reset_vector           FFFE            Segment part 9 (?cstart)

    -------------------------------------------------------------------------
  LIBRARY MODULE, NAME : ?exit

  SEGMENTS IN THE MODULE
  ======================
<CODE> 1 (was CODE)
  Relative segment, address: C338 - C33B (0x4 bytes), align: 1
  Segment part 2.
           ENTRY                   ADDRESS         REF BY
           =====                   =======         ======
           exit                    C338            Segment part 19 (?cstart)
               calls direct

    -------------------------------------------------------------------------
  LIBRARY MODULE, NAME : ?memcpy

  SEGMENTS IN THE MODULE
  ======================
<CODE> 1 (was CODE)
  Relative segment, address: C326 - C337 (0x12 bytes), align: 1
  Segment part 2.
           ENTRY                   ADDRESS         REF BY
           =====                   =======         ======
           memcpy                  C326            __data16_memcpy (?memzero)

    -------------------------------------------------------------------------
  LIBRARY MODULE, NAME : ?memzero

  SEGMENTS IN THE MODULE
  ======================
<CODE> 1 (was CODE)
  Relative segment, address: C340 - C343 (0x4 bytes), align: 1
  Segment part 3.
           ENTRY                   ADDRESS         REF BY
           =====                   =======         ======
           __data16_memcpy         C340            ?cstart_init_copy (?cstart)
               calls direct




                ****************************************
                *                                      *
                *      SEGMENTS IN ADDRESS ORDER       *
                *                                      *
                ****************************************


SEGMENT              SPACE    START ADDRESS   END ADDRESS     SIZE  TYPE  ALIGN
=======              =====    =============   ===========     ====  ====  =====
DATA16_AN                              0020 - 0022               3   rel    0
                                       0027 - 0027               1 
                                       0029 - 002A               2 
                                       0056 - 0058               3 
                                       0120 - 0121               2 
DATA16_I                               0200 - 0254              55   rel    1
CSTACK                                 03B0 - 03FF              50   rel    1
DATA16_AN                              10FC - 10FD               2   rel    0
DATA16_C                                  C000                       dse    0
DATA16_ID                              C000 - C054              55   rel    1
CSTART                                 C056 - C071              1C   rel    1
<CODE> 1                               C072 - C345             2D4   rel    1
RESET                                  FFFE - FFFF               2   rel    1

                ****************************************
                *                                      *
                *        END OF CROSS REFERENCE        *
                *                                      *
                ****************************************

 754 bytes of CODE  memory
 165 bytes of DATA  memory (+ 13 absolute )
  85 bytes of CONST memory

Errors: none
Warnings: none

