################################################################################
#                                                                              #
#      IAR Universal Linker V6.6.2.104                                         #
#                                                                              #
#           Link time     =  17/Oct/2023  12:00:59                             #
#           Target CPU    =  MSP430                                            #
#           List file     =  E:\Msp430\Projects\RGB_LED_Control_Testboard\Debu #
#                            g\List\RGB_LED_Control.map                        #
#           Output file 1 =  E:\Msp430\Projects\RGB_LED_Control_Testboard\Debu #
#                            g\Exe\RGB_LED_Control.hex                         #
#                            Format: intel-standard                            #
#           Output file 2 =  E:\Msp430\Projects\RGB_LED_Control_Testboard\Debu #
#                            g\Exe\RGB_LED_Control.d43                         #
#                            Format: ubrof10                                   #
#                            UBROF version 10.0.6                              #
#                            Using library modules for C-SPY (-rt)             #
#           Command line  =  -f C:\Users\Admin\AppData\Local\Temp\EW6B60.tmp   #
#                            (E:\Msp430\Projects\RGB_LED_Control_Testboard\Deb #
#                            ug\Obj\ADC.r43                                    #
#                            E:\Msp430\Projects\RGB_LED_Control_Testboard\Debu #
#                            g\Obj\buttons.r43                                 #
#                            E:\Msp430\Projects\RGB_LED_Control_Testboard\Debu #
#                            g\Obj\delayMs.r43                                 #
#                            E:\Msp430\Projects\RGB_LED_Control_Testboard\Debu #
#                            g\Obj\main.r43                                    #
#                            -o                                                #
#                            E:\Msp430\Projects\RGB_LED_Control_Testboard\Debu #
#                            g\Exe\RGB_LED_Control.d43                         #
#                            -l                                                #
#                            E:\Msp430\Projects\RGB_LED_Control_Testboard\Debu #
#                            g\List\RGB_LED_Control.map                        #
#                            -xms                                              #
#                            "-IC:\Program Files (x86)\IAR Systems\Embedded Wo #
#                            rkbench 8.5\430\LIB\\"                            #
#                            -f                                                #
#                            "C:\Program Files (x86)\IAR Systems\Embedded Work #
#                            bench 8.5\430\config\linker\lnk430g2553.xcl"      #
#                            (-cmsp430 -QCODE_I=CODE_ID -QTLS16_I=TLS16_ID     #
#                            -Z(CONST)INFO=1000-10FF                           #
#                            -Z(CONST)INFOA=10C0-10FF                          #
#                            -Z(CONST)INFOB=1080-10BF                          #
#                            -Z(CONST)INFOC=1040-107F                          #
#                            -Z(CONST)INFOD=1000-103F                          #
#                            -Z(DATA)DATA16_I,DATA16_Z,DATA16_N,TLS16_I=0200-0 #
#                            3FF                                               #
#                            -Z(DATA)DATA16_HEAP+_DATA16_HEAP_SIZE             #
#                            -Z(DATA)CODE_I -Z(DATA)CSTACK+_STACK_SIZE#        #
#                            -Z(CONST)DATA16_C,DATA16_ID,TLS16_ID,DIFUNCT,CHEC #
#                            KSUM=C000-FFDD                                    #
#                            -Z(CODE)CSTART,ISR_CODE,CODE_ID=C000-FFDD         #
#                            -P(CODE)CODE=C000-FFDD                            #
#                            -Z(CONST)SIGNATURE=FFDE-FFDF                      #
#                            -Z(CODE)INTVEC=FFE0-FFFF                          #
#                            -Z(CODE)RESET=FFFE-FFFF) -D_STACK_SIZE=50 -rt     #
#                            "C:\Program Files (x86)\IAR Systems\Embedded Work #
#                            bench 8.5\430\lib\dlib\dl430fn.r43"               #
#                            -e_PrintfLarge=_Printf -e_ScanfLarge=_Scanf       #
#                            -D_DATA16_HEAP_SIZE=50                            #
#                            -Ointel-standard=E:\Msp430\Projects\RGB_LED_Contr #
#                            ol_Testboard\Debug\Exe\RGB_LED_Control.hex        #
#                            -s __program_start -D_DATA20_HEAP_SIZE=50)        #
#                                                                              #
#                           Copyright (C) 1987-2019 IAR Systems AB.            #
################################################################################





                ****************************************
                *                                      *
                *           CROSS REFERENCE            *
                *                                      *
                ****************************************

       Program entry at :           C000  Relocatable, from module : ?cstart




                ****************************************
                *                                      *
                *            RUNTIME MODEL             *
                *                                      *
                ****************************************

  __Heap_Handler             = Basic
  __SystemLibrary            = DLib
  __core                     = 430
  __dlib_file_descriptor     = 0
  __dlib_full_locale_support = 0
  __double_size              = 32
  __pic                      = no
  __reg_r4                   = free
  __reg_r5                   = free
  __rt_version               = 3

                ****************************************
                *                                      *
                *    AUTOMATIC SYMBOL REDIRECTIONS     *
                *                                      *
                ****************************************

                  There are no automatic symbol redirections.



                ****************************************
                *                                      *
                *              MODULE MAP              *
                *                                      *
                ****************************************


  DEFINED ABSOLUTE ENTRIES
    *************************************************************************

  DEFINED ABSOLUTE ENTRIES
  PROGRAM MODULE, NAME : ?ABS_ENTRY_MOD

Absolute parts
           ENTRY                   ADDRESS         REF BY
           =====                   =======         ======
           _DATA20_HEAP_SIZE       0050 
           _DATA16_HEAP_SIZE       0050 
           _STACK_SIZE             0050 
    *************************************************************************

  FILE NAME : E:\Msp430\Projects\RGB_LED_Control_Testboard\Debug\Obj\ADC.r43
  PROGRAM MODULE, NAME : ADC

  SEGMENTS IN THE MODULE
  ======================
DATA16_AN
  Relative segment, address: 01B0 - 01B1 (0x2 bytes), align: 0
  Segment part 1. ROOT        Intra module refs:   ADC10_Init (main)
                                                   ADC_Read
           ENTRY                   ADDRESS         REF BY
           =====                   =======         ======
           _A_ADC10CTL0            01B0 
           LOCAL                   ADDRESS         
           =====                   =======         
           ADC10CTL0               01B0 
           ADC10CTL0_bit           01B0 
    -------------------------------------------------------------------------
DATA16_AN
  Relative segment, address: 01B2 - 01B3 (0x2 bytes), align: 0
  Segment part 2. ROOT        Intra module refs:   ADC10_Init (main)
                                                   ADC_Read
           ENTRY                   ADDRESS         REF BY
           =====                   =======         ======
           _A_ADC10CTL1            01B2 
           LOCAL                   ADDRESS         
           =====                   =======         
           ADC10CTL1               01B2 
           ADC10CTL1_bit           01B2 
    -------------------------------------------------------------------------
DATA16_AN
  Relative segment, address: 01B4 - 01B5 (0x2 bytes), align: 0
  Segment part 3. ROOT        Intra module refs:   ADC_Read
           ENTRY                   ADDRESS         REF BY
           =====                   =======         ======
           ADC10MEM                01B4 
    -------------------------------------------------------------------------
<CODE> 1 (was CODE)
  Relative segment, address: C488 - C499 (0x12 bytes), align: 1
  Segment part 5.             Intra module refs:   ADC10_Pin1_Read
           ENTRY                   ADDRESS         REF BY
           =====                   =======         ======
           ADC_Read                C488 
    -------------------------------------------------------------------------
<CODE> 1 (was CODE)
  Relative segment, address: C4B8 - C4BD (0x6 bytes), align: 1
  Segment part 6.
           ENTRY                   ADDRESS         REF BY
           =====                   =======         ======
           ADC10_Pin1_Read         C4B8            ControlRGB (main)
               calls direct

    *************************************************************************

  FILE NAME : E:\Msp430\Projects\RGB_LED_Control_Testboard\Debug\Obj\buttons.r43
  PROGRAM MODULE, NAME : buttons

  SEGMENTS IN THE MODULE
  ======================
DATA16_AN
  Relative segment, address: 0020 - 0020 (0x1 bytes), align: 0
  Segment part 1. ROOT 
           ENTRY                   ADDRESS         REF BY
           =====                   =======         ======
           _A_P1IN                 0020 
           LOCAL                   ADDRESS         
           =====                   =======         
           P1IN                    0020 
           P1IN_bit                0020 
    -------------------------------------------------------------------------
DATA16_AN
  Relative segment, address: 0021 - 0021 (0x1 bytes), align: 0
  Segment part 2. ROOT        Intra module refs:   GPIO_Init (main)
           ENTRY                   ADDRESS         REF BY
           =====                   =======         ======
           _A_P1OUT                0021 
           LOCAL                   ADDRESS         
           =====                   =======         
           P1OUT                   0021 
           P1OUT_bit               0021 
    -------------------------------------------------------------------------
DATA16_AN
  Relative segment, address: 0028 - 0028 (0x1 bytes), align: 0
  Segment part 3. ROOT 
           ENTRY                   ADDRESS         REF BY
           =====                   =======         ======
           _A_P2IN                 0028 
           LOCAL                   ADDRESS         
           =====                   =======         
           P2IN                    0028 
           P2IN_bit                0028 
    -------------------------------------------------------------------------
DATA16_AN
  Relative segment, address: 0029 - 0029 (0x1 bytes), align: 0
  Segment part 4. ROOT 
           ENTRY                   ADDRESS         REF BY
           =====                   =======         ======
           _A_P2OUT                0029 
           LOCAL                   ADDRESS         
           =====                   =======         
           P2OUT                   0029 
           P2OUT_bit               0029 

    *************************************************************************

  FILE NAME : E:\Msp430\Projects\RGB_LED_Control_Testboard\Debug\Obj\delayMs.r43
  PROGRAM MODULE, NAME : delayMs

  SEGMENTS IN THE MODULE
  ======================
<CODE> 1 (was CODE)
  Relative segment, address: C44E - C461 (0x14 bytes), align: 1
  Segment part 2.
           ENTRY                   ADDRESS         REF BY
           =====                   =======         ======
           delayMs                 C44E            ControlRGB (main)

    *************************************************************************

  FILE NAME : E:\Msp430\Projects\RGB_LED_Control_Testboard\Debug\Obj\main.r43
  PROGRAM MODULE, NAME : main

  SEGMENTS IN THE MODULE
  ======================
DATA16_AN
  Relative segment, address: 004A - 004A (0x1 bytes), align: 0
  Segment part 1. ROOT        Intra module refs:   ADC10_Init
           ENTRY                   ADDRESS         REF BY
           =====                   =======         ======
           ADC10AE0                004A 
    -------------------------------------------------------------------------
DATA16_AN
  Relative segment, address: 0056 - 0056 (0x1 bytes), align: 0
  Segment part 4. ROOT        Intra module refs:   System_Clock_Configuration
           ENTRY                   ADDRESS         REF BY
           =====                   =======         ======
           _A_DCOCTL               0056 
           LOCAL                   ADDRESS         
           =====                   =======         
           DCOCTL                  0056 
           DCOCTL_bit              0056 
    -------------------------------------------------------------------------
DATA16_AN
  Relative segment, address: 0057 - 0057 (0x1 bytes), align: 0
  Segment part 5. ROOT        Intra module refs:   System_Clock_Configuration
           ENTRY                   ADDRESS         REF BY
           =====                   =======         ======
           _A_BCSCTL1              0057 
           LOCAL                   ADDRESS         
           =====                   =======         
           BCSCTL1                 0057 
           BCSCTL1_bit             0057 
    -------------------------------------------------------------------------
DATA16_AN
  Relative segment, address: 0058 - 0058 (0x1 bytes), align: 0
  Segment part 6. ROOT        Intra module refs:   System_Clock_Configuration
           ENTRY                   ADDRESS         REF BY
           =====                   =======         ======
           _A_BCSCTL2              0058 
           LOCAL                   ADDRESS         
           =====                   =======         
           BCSCTL2                 0058 
           BCSCTL2_bit             0058 
    -------------------------------------------------------------------------
DATA16_AN
  Relative segment, address: 0022 - 0022 (0x1 bytes), align: 0
  Segment part 8. ROOT        Intra module refs:   GPIO_Init
                                                   TimerAConfig
           ENTRY                   ADDRESS         REF BY
           =====                   =======         ======
           _A_P1DIR                0022 
           LOCAL                   ADDRESS         
           =====                   =======         
           P1DIR                   0022 
           P1DIR_bit               0022 
    -------------------------------------------------------------------------
DATA16_AN
  Relative segment, address: 0023 - 0023 (0x1 bytes), align: 0
  Segment part 9. ROOT        Intra module refs:   Port_1
           ENTRY                   ADDRESS         REF BY
           =====                   =======         ======
           _A_P1IFG                0023 
           LOCAL                   ADDRESS         
           =====                   =======         
           P1IFG                   0023 
           P1IFG_bit               0023 
    -------------------------------------------------------------------------
DATA16_AN
  Relative segment, address: 0025 - 0025 (0x1 bytes), align: 0
  Segment part 10. ROOT       Intra module refs:   GPIO_Init
           ENTRY                   ADDRESS         REF BY
           =====                   =======         ======
           _A_P1IE                 0025 
           LOCAL                   ADDRESS         
           =====                   =======         
           P1IE                    0025 
           P1IE_bit                0025 
    -------------------------------------------------------------------------
DATA16_AN
  Relative segment, address: 0026 - 0026 (0x1 bytes), align: 0
  Segment part 11. ROOT       Intra module refs:   GPIO_Init
                                                   TimerAConfig
           ENTRY                   ADDRESS         REF BY
           =====                   =======         ======
           _A_P1SEL                0026 
           LOCAL                   ADDRESS         
           =====                   =======         
           P1SEL                   0026 
           P1SEL_bit               0026 
    -------------------------------------------------------------------------
DATA16_AN
  Relative segment, address: 0041 - 0041 (0x1 bytes), align: 0
  Segment part 12. ROOT       Intra module refs:   GPIO_Init
           ENTRY                   ADDRESS         REF BY
           =====                   =======         ======
           _A_P1SEL2               0041 
           LOCAL                   ADDRESS         
           =====                   =======         
           P1SEL2                  0041 
           P1SEL2_bit              0041 
    -------------------------------------------------------------------------
DATA16_AN
  Relative segment, address: 0027 - 0027 (0x1 bytes), align: 0
  Segment part 13. ROOT       Intra module refs:   GPIO_Init
           ENTRY                   ADDRESS         REF BY
           =====                   =======         ======
           _A_P1REN                0027 
           LOCAL                   ADDRESS         
           =====                   =======         
           P1REN                   0027 
           P1REN_bit               0027 
    -------------------------------------------------------------------------
DATA16_AN
  Relative segment, address: 002A - 002A (0x1 bytes), align: 0
  Segment part 14. ROOT       Intra module refs:   TimerAConfig
           ENTRY                   ADDRESS         REF BY
           =====                   =======         ======
           _A_P2DIR                002A 
           LOCAL                   ADDRESS         
           =====                   =======         
           P2DIR                   002A 
           P2DIR_bit               002A 
    -------------------------------------------------------------------------
DATA16_AN
  Relative segment, address: 002E - 002E (0x1 bytes), align: 0
  Segment part 15. ROOT       Intra module refs:   TimerAConfig
           ENTRY                   ADDRESS         REF BY
           =====                   =======         ======
           _A_P2SEL                002E 
           LOCAL                   ADDRESS         
           =====                   =======         
           P2SEL                   002E 
           P2SEL_bit               002E 
    -------------------------------------------------------------------------
DATA16_AN
  Relative segment, address: 0160 - 0161 (0x2 bytes), align: 0
  Segment part 16. ROOT       Intra module refs:   TimerAConfig
           ENTRY                   ADDRESS         REF BY
           =====                   =======         ======
           _A_TA0CTL               0160 
           LOCAL                   ADDRESS         
           =====                   =======         
           TA0CTL                  0160 
           TA0CTL_bit              0160 
    -------------------------------------------------------------------------
DATA16_AN
  Relative segment, address: 0162 - 0163 (0x2 bytes), align: 0
  Segment part 17. ROOT       Intra module refs:   TimerAConfig
                                                   Timer_A
           ENTRY                   ADDRESS         REF BY
           =====                   =======         ======
           _A_TA0CCTL0             0162 
           LOCAL                   ADDRESS         
           =====                   =======         
           TA0CCTL0                0162 
           TA0CCTL0_bit            0162 
    -------------------------------------------------------------------------
DATA16_AN
  Relative segment, address: 0164 - 0165 (0x2 bytes), align: 0
  Segment part 18. ROOT       Intra module refs:   TimerAConfig
           ENTRY                   ADDRESS         REF BY
           =====                   =======         ======
           _A_TA0CCTL1             0164 
           LOCAL                   ADDRESS         
           =====                   =======         
           TA0CCTL1                0164 
           TA0CCTL1_bit            0164 
    -------------------------------------------------------------------------
DATA16_AN
  Relative segment, address: 0172 - 0173 (0x2 bytes), align: 0
  Segment part 19. ROOT       Intra module refs:   TimerAConfig
           ENTRY                   ADDRESS         REF BY
           =====                   =======         ======
           TA0CCR0                 0172 
    -------------------------------------------------------------------------
DATA16_AN
  Relative segment, address: 0174 - 0175 (0x2 bytes), align: 0
  Segment part 20. ROOT       Intra module refs:   ControlRGB
                                                   TimerAConfig
                                                   TimerInitSetup
           ENTRY                   ADDRESS         REF BY
           =====                   =======         ======
           TA0CCR1                 0174 
    -------------------------------------------------------------------------
DATA16_AN
  Relative segment, address: 0180 - 0181 (0x2 bytes), align: 0
  Segment part 21. ROOT       Intra module refs:   TimerAConfig
           ENTRY                   ADDRESS         REF BY
           =====                   =======         ======
           _A_TA1CTL               0180 
           LOCAL                   ADDRESS         
           =====                   =======         
           TA1CTL                  0180 
           TA1CTL_bit              0180 
    -------------------------------------------------------------------------
DATA16_AN
  Relative segment, address: 0184 - 0185 (0x2 bytes), align: 0
  Segment part 22. ROOT       Intra module refs:   TimerAConfig
           ENTRY                   ADDRESS         REF BY
           =====                   =======         ======
           _A_TA1CCTL1             0184 
           LOCAL                   ADDRESS         
           =====                   =======         
           TA1CCTL1                0184 
           TA1CCTL1_bit            0184 
    -------------------------------------------------------------------------
DATA16_AN
  Relative segment, address: 0186 - 0187 (0x2 bytes), align: 0
  Segment part 23. ROOT       Intra module refs:   TimerAConfig
           ENTRY                   ADDRESS         REF BY
           =====                   =======         ======
           _A_TA1CCTL2             0186 
           LOCAL                   ADDRESS         
           =====                   =======         
           TA1CCTL2                0186 
           TA1CCTL2_bit            0186 
    -------------------------------------------------------------------------
DATA16_AN
  Relative segment, address: 0192 - 0193 (0x2 bytes), align: 0
  Segment part 24. ROOT       Intra module refs:   TimerAConfig
           ENTRY                   ADDRESS         REF BY
           =====                   =======         ======
           TA1CCR0                 0192 
    -------------------------------------------------------------------------
DATA16_AN
  Relative segment, address: 0194 - 0195 (0x2 bytes), align: 0
  Segment part 25. ROOT       Intra module refs:   ControlRGB
                                                   TimerAConfig
                                                   TimerInitSetup
           ENTRY                   ADDRESS         REF BY
           =====                   =======         ======
           TA1CCR1                 0194 
    -------------------------------------------------------------------------
DATA16_AN
  Relative segment, address: 0196 - 0197 (0x2 bytes), align: 0
  Segment part 26. ROOT       Intra module refs:   ControlRGB
                                                   TimerAConfig
                                                   TimerInitSetup
           ENTRY                   ADDRESS         REF BY
           =====                   =======         ======
           TA1CCR2                 0196 
    -------------------------------------------------------------------------
DATA16_AN
  Relative segment, address: 0120 - 0121 (0x2 bytes), align: 0
  Segment part 27. ROOT       Intra module refs:   main
           ENTRY                   ADDRESS         REF BY
           =====                   =======         ======
           _A_WDTCTL               0120 
           LOCAL                   ADDRESS         
           =====                   =======         
           WDTCTL                  0120 
           WDTCTL_bit              0120 
    -------------------------------------------------------------------------
DATA16_AN
  Relative segment, address: 10FC - 10FC (0x1 bytes), align: 0
  Segment part 28. ROOT       Intra module refs:   System_Clock_Configuration
           ENTRY                   ADDRESS         REF BY
           =====                   =======         ======
           CALDCO_8MHZ             10FC 
    -------------------------------------------------------------------------
DATA16_AN
  Relative segment, address: 10FD - 10FD (0x1 bytes), align: 0
  Segment part 29. ROOT       Intra module refs:   System_Clock_Configuration
           ENTRY                   ADDRESS         REF BY
           =====                   =======         ======
           CALBC1_8MHZ             10FD 
    -------------------------------------------------------------------------
DATA16_Z
  Relative segment, address: 0200 - 0203 (0x4 bytes), align: 1
  Segment part 33.            Intra module refs:   ControlRGB
           ENTRY                   ADDRESS         REF BY
           =====                   =======         ======
           ValuePWM                0200 
    -------------------------------------------------------------------------
DATA16_Z
  Relative segment, address: 0204 - 0205 (0x2 bytes), align: 1
  Segment part 34.            Intra module refs:   ControlRGB
                                                   Port_1
           ENTRY                   ADDRESS         REF BY
           =====                   =======         ======
           ModeBTN                 0204 
    -------------------------------------------------------------------------
DATA16_Z
  Relative segment, address: 0206 - 0207 (0x2 bytes), align: 1
  Segment part 35.            Intra module refs:   Port_1
           ENTRY                   ADDRESS         REF BY
           =====                   =======         ======
           HasChanged              0206 
    -------------------------------------------------------------------------
DATA16_Z
  Relative segment, address: 0208 - 0208 (0x1 bytes), align: 0
  Segment part 36.            Intra module refs:   Port_1
                                                   Timer_A
           ENTRY                   ADDRESS         REF BY
           =====                   =======         ======
           block                   0208 
    -------------------------------------------------------------------------
<CODE> 1 (was CODE)
  Relative segment, address: C462 - C475 (0x14 bytes), align: 1
  Segment part 37.            Intra module refs:   main
           ENTRY                   ADDRESS         REF BY
           =====                   =======         ======
           System_Clock_Configuration
                                   C462 
    -------------------------------------------------------------------------
<CODE> 1 (was CODE)
  Relative segment, address: C3E8 - C405 (0x1e bytes), align: 1
  Segment part 38.            Intra module refs:   main
           ENTRY                   ADDRESS         REF BY
           =====                   =======         ======
           GPIO_Init               C3E8 
    -------------------------------------------------------------------------
<CODE> 1 (was CODE)
  Relative segment, address: C286 - C2DD (0x58 bytes), align: 1
  Segment part 39.            Intra module refs:   main
           ENTRY                   ADDRESS         REF BY
           =====                   =======         ======
           TimerAConfig            C286 
    -------------------------------------------------------------------------
<CODE> 1 (was CODE)
  Relative segment, address: C43A - C44D (0x14 bytes), align: 1
  Segment part 40.            Intra module refs:   main
           ENTRY                   ADDRESS         REF BY
           =====                   =======         ======
           ADC10_Init              C43A 
    -------------------------------------------------------------------------
<CODE> 1 (was CODE)
  Relative segment, address: C4AA - C4B7 (0xe bytes), align: 1
  Segment part 41.            Intra module refs:   main
           ENTRY                   ADDRESS         REF BY
           =====                   =======         ======
           TimerInitSetup          C4AA 
    -------------------------------------------------------------------------
<CODE> 1 (was CODE)
  Relative segment, address: C128 - C207 (0xe0 bytes), align: 1
  Segment part 42.            Intra module refs:   main
           ENTRY                   ADDRESS         REF BY
           =====                   =======         ======
           ControlRGB              C128 
               calls direct
    -------------------------------------------------------------------------
<CODE> 1 (was CODE)
  Relative segment, address: C3C6 - C3E7 (0x22 bytes), align: 1
  Segment part 43.
           ENTRY                   ADDRESS         REF BY
           =====                   =======         ======
           main                    C3C6            Segment part 19 (?cstart)
               calls direct
    -------------------------------------------------------------------------
<CODE> 1 (was CODE)
  Relative segment, address: C406 - C421 (0x1c bytes), align: 1
  Segment part 44.            Intra module refs:   Timer_A::??INTVEC 18
           ENTRY                   ADDRESS         REF BY
           =====                   =======         ======
           Timer_A                 C406 
               interrupt function
    -------------------------------------------------------------------------
<CODE> 1 (was CODE)
  Relative segment, address: C32A - C363 (0x3a bytes), align: 1
  Segment part 45.            Intra module refs:   Port_1::??INTVEC 4
           ENTRY                   ADDRESS         REF BY
           =====                   =======         ======
           Port_1                  C32A 
               interrupt function
               calls direct
    -------------------------------------------------------------------------
INTVEC
  Common segment, address: FFE0 - FFE5 (0x6 bytes), align: 1
  Segment part 30. ROOT 
           ENTRY                   ADDRESS         REF BY
           =====                   =======         ======
           Port_1::??INTVEC 4      FFE4 
    -------------------------------------------------------------------------
INTVEC
  Common segment, address: FFE0 - FFF3 (0x14 bytes), align: 1
  Segment part 31. ROOT 
           ENTRY                   ADDRESS         REF BY
           =====                   =======         ======
           Timer_A::??INTVEC 18    FFF2 

    *************************************************************************

  FILE NAME : C:\Program Files (x86)\IAR Systems\Embedded Workbench 8.5\430\lib\dlib\dl430fn.r43
  LIBRARY MODULE, NAME : ?__dbg_break

  SEGMENTS IN THE MODULE
  ======================
<CODE> 1 (was CODE)
  Relative segment, address: C4C6 - C4C7 (0x2 bytes), align: 1
  Segment part 2.
           ENTRY                   ADDRESS         REF BY
           =====                   =======         ======
           __DebugBreak            C4C6            __exit (?__exit)

    -------------------------------------------------------------------------
  LIBRARY MODULE, NAME : ?__exit

  SEGMENTS IN THE MODULE
  ======================
<CODE> 1 (was CODE)
  Relative segment, address: C476 - C487 (0x12 bytes), align: 1
  Segment part 2.
           ENTRY                   ADDRESS         REF BY
           =====                   =======         ======
           __exit                  C476            Segment part 6 (?_exit)
                                                   _exit (?_exit)
               calls direct

    -------------------------------------------------------------------------
  LIBRARY MODULE, NAME : ?_exit

  SEGMENTS IN THE MODULE
  ======================
<CODE> 1 (was CODE)
  Relative segment, address: C4BE, align: 1
  Segment part 0.
           ENTRY                   ADDRESS         REF BY
           =====                   =======         ======
           _exit                   C4BE            exit (?exit)
    -------------------------------------------------------------------------
<CODE> 1 (was CODE)
  Relative segment, address: C4BE - C4C1 (0x4 bytes), align: 1
  Segment part 6.             Intra module refs:   _exit

    -------------------------------------------------------------------------
  LIBRARY MODULE, NAME : ?cstart

  SEGMENTS IN THE MODULE
  ======================
CSTACK
  Relative segment, address: 03B0, align: 1
  Segment part 1.
    -------------------------------------------------------------------------
DATA16_Z
  Relative segment, address: 0208, align: 1
  Segment part 2.
    -------------------------------------------------------------------------
CSTART
  Relative segment, address: C000 - C003 (0x4 bytes), align: 1
  Segment part 9.
           ENTRY                   ADDRESS         REF BY
           =====                   =======         ======
           __program_start         C000            ?reset_vector (?reset_vector)
                                                   Absolute parts (?ABS_ENTRY_MOD)
           ?cstart_begin           C000 
    -------------------------------------------------------------------------
CSTART
  Relative segment, address: C004 - C00F (0xc bytes), align: 1
  Segment part 14.
           ENTRY                   ADDRESS         REF BY
           =====                   =======         ======
           ?cstart_init_zero       C004            HasChanged (main)
                                                   ModeBTN (main)
                                                   ValuePWM (main)
                                                   block (main)
    -------------------------------------------------------------------------
CSTART
  Relative segment, address: C010 - C017 (0x8 bytes), align: 1
  Segment part 19.            Intra module refs:   Segment part 9
           ENTRY                   ADDRESS         REF BY
           =====                   =======         ======
           ?cstart_call_main       C010 
           ?cstart_end             C018 

    -------------------------------------------------------------------------
  LIBRARY MODULE, NAME : ?reset_vector

  SEGMENTS IN THE MODULE
  ======================
RESET
  Relative segment, address: FFFE - FFFF (0x2 bytes), align: 1
  Segment part 0.
           ENTRY                   ADDRESS         REF BY
           =====                   =======         ======
           ?reset_vector           FFFE            Segment part 9 (?cstart)

    -------------------------------------------------------------------------
  LIBRARY MODULE, NAME : ?exit

  SEGMENTS IN THE MODULE
  ======================
<CODE> 1 (was CODE)
  Relative segment, address: C4C2 - C4C5 (0x4 bytes), align: 1
  Segment part 2.
           ENTRY                   ADDRESS         REF BY
           =====                   =======         ======
           exit                    C4C2            Segment part 19 (?cstart)
               calls direct

    -------------------------------------------------------------------------
  LIBRARY MODULE, NAME : ?Cast32f32i

  SEGMENTS IN THE MODULE
  ======================
<CODE> 1 (was CODE)
  Relative segment, address: C208 - C285 (0x7e bytes), align: 1
  Segment part 1.
           ENTRY                   ADDRESS         REF BY
           =====                   =======         ======
           _Cast32uto32f           C208            ControlRGB (main)

    -------------------------------------------------------------------------
  LIBRARY MODULE, NAME : _Cast32fto32s

  SEGMENTS IN THE MODULE
  ======================
<CODE> 1 (was CODE)
  Relative segment, address: C364 - C395 (0x32 bytes), align: 1
  Segment part 0.
           ENTRY                   ADDRESS         REF BY
           =====                   =======         ======
           _Cast32fto32s           C364            ControlRGB (main)

    -------------------------------------------------------------------------
  LIBRARY MODULE, NAME : ?FLT_Extract

  SEGMENTS IN THE MODULE
  ======================
<CODE> 1 (was CODE)
  Relative segment, address: C2DE - C329 (0x4c bytes), align: 1
  Segment part 0.
           ENTRY                   ADDRESS         REF BY
           =====                   =======         ======
           ?FLT_Extract            C2DE            _Cast32fto32s (_Cast32fto32s)

    -------------------------------------------------------------------------
  LIBRARY MODULE, NAME : _Mul32f

  SEGMENTS IN THE MODULE
  ======================
<CODE> 1 (was CODE)
  Relative segment, address: C018 - C127 (0x110 bytes), align: 1
  Segment part 0.
           ENTRY                   ADDRESS         REF BY
           =====                   =======         ======
           _Mul32f                 C018            ControlRGB (main)

    -------------------------------------------------------------------------
  LIBRARY MODULE, NAME : ?DivMod816u

  SEGMENTS IN THE MODULE
  ======================
<CODE> 1 (was CODE)
  Relative segment, address: C422 - C439 (0x18 bytes), align: 1
  Segment part 1.
           ENTRY                   ADDRESS         REF BY
           =====                   =======         ======
           ?DivMod16u              C422            ?DivMod16s (?DivMod816s)

    -------------------------------------------------------------------------
  LIBRARY MODULE, NAME : ?DivMod816s

  SEGMENTS IN THE MODULE
  ======================
<CODE> 1 (was CODE)
  Relative segment, address: C396 - C3C5 (0x30 bytes), align: 1
  Segment part 1.
           ENTRY                   ADDRESS         REF BY
           =====                   =======         ======
           ?DivMod16s              C396            Port_1 (main)

    -------------------------------------------------------------------------
  LIBRARY MODULE, NAME : ?memzero

  SEGMENTS IN THE MODULE
  ======================
<CODE> 1 (was CODE)
  Relative segment, address: C49A - C4A9 (0x10 bytes), align: 1
  Segment part 2.
           ENTRY                   ADDRESS         REF BY
           =====                   =======         ======
           __data16_memzero        C49A            ?cstart_init_zero (?cstart)




                ****************************************
                *                                      *
                *      SEGMENTS IN ADDRESS ORDER       *
                *                                      *
                ****************************************


SEGMENT              SPACE    START ADDRESS   END ADDRESS     SIZE  TYPE  ALIGN
=======              =====    =============   ===========     ====  ====  =====
DATA16_AN                              0020 - 0023               4   rel    0
                                       0025 - 002A               6 
                                       002E - 002E               1 
                                       0041 - 0041               1 
                                       004A - 004A               1 
                                       0056 - 0058               3 
                                       0120 - 0121               2 
                                       0160 - 0165               6 
                                       0172 - 0175               4 
                                       0180 - 0181               2 
                                       0184 - 0187               4 
                                       0192 - 0197               6 
                                       01B0 - 01B5               6 
DATA16_I                                  0200                       dse    0
DATA16_Z                               0200 - 0208               9   rel    1
CSTACK                                 03B0 - 03FF              50   rel    1
DATA16_AN                              10FC - 10FD               2   rel    0
CSTART                                 C000 - C017              18   rel    1
<CODE> 1                               C018 - C4C7             4B0   rel    1
INTVEC                                 FFE0 - FFF3              14   com    1
RESET                                  FFFE - FFFF               2   rel    1

                ****************************************
                *                                      *
                *        END OF CROSS REFERENCE        *
                *                                      *
                ****************************************

 1 246 bytes of CODE memory
    89 bytes of DATA memory (+ 48 absolute )

Errors: none
Warnings: none

